// Jest Snapshot v1, https://goo.gl/fbAQLP

exports[`Spinner Component test Component Snapshot Testing 1`] = `
<div>
  <img
    alt="spinner"
    className="spinner"
    src="spinner.gif"
  />
</div>
`;
