// Jest Snapshot v1, https://goo.gl/fbAQLP

exports[`Error Component test Component Snapshot Testing 1`] = `
<div
  className="error"
  role="alert"
>
  <div
    className="errorSection"
  >
    <div
      className="twoColumnGrid"
    >
      <span
        aria-label="sorry"
        className="errorIcon"
        role="img"
      >
        ðŸ˜ž
      </span>
      Uh-oh... it looks like some things haven't loaded correctly.
    </div>
    <div
      className="twoColumnGrid"
    >
      <button
        aria-label="retry"
        className="retryAction"
        data-test-id="retry-action"
        onClick={[Function]}
        type="button"
      >
        <img
          alt="retry"
          className="retryIcon"
          src="retry.png"
        />
      </button>
    </div>
  </div>
</div>
`;
